../Core/Inc/stm32f1_rc522.c:11:9:RC522_SPI_Transfer	32	static
../Core/Inc/stm32f1_rc522.c:30:6:Write_MFRC522	16	static
../Core/Inc/stm32f1_rc522.c:51:9:Read_MFRC522	24	static
../Core/Inc/stm32f1_rc522.c:77:6:SetBitMask	24	static
../Core/Inc/stm32f1_rc522.c:91:6:ClearBitMask	24	static
../Core/Inc/stm32f1_rc522.c:105:6:AntennaOn	8	static
../Core/Inc/stm32f1_rc522.c:124:6:AntennaOff	8	static
../Core/Inc/stm32f1_rc522.c:136:6:MFRC522_Reset	8	static
../Core/Inc/stm32f1_rc522.c:188:6:MFRC522_Init	8	static
../Core/Inc/stm32f1_rc522.c:227:9:MFRC522_ToCard	48	static
../Core/Inc/stm32f1_rc522.c:350:9:MFRC522_Request	32	static
../Core/Inc/stm32f1_rc522.c:375:9:MFRC522_Anticoll	32	static
../Core/Inc/stm32f1_rc522.c:416:6:CalulateCRC	40	static
../Core/Inc/stm32f1_rc522.c:452:9:MFRC522_SelectTag	48	static
../Core/Inc/stm32f1_rc522.c:495:9:MFRC522_Auth	56	static
../Core/Inc/stm32f1_rc522.c:530:9:MFRC522_Read	32	static
../Core/Inc/stm32f1_rc522.c:555:9:MFRC522_Write	56	static
../Core/Inc/stm32f1_rc522.c:597:6:MFRC522_Halt	24	static
